{"commitInfo":{"timestamp":1603398575689,"operation":"Manual Update","operationParameters":{},"isBlindAppend":true}}
{"protocol":{"minReaderVersion":1,"minWriterVersion":2}}
{"add":{"path":"foo","partitionValues":{},"size":1,"modificationTime":1600000000000,"dataChange":true}}
