{"commitInfo":{"timestamp":1603398565553,"operation":"Manual Update","operationParameters":{},"readVersion":4,"isBlindAppend":true}}
{"add":{"path":"5","partitionValues":{},"size":1,"modificationTime":1,"dataChange":true}}
