{"commitInfo":{"timestamp":1603398567621,"operation":"Manual Update","operationParameters":{},"readVersion":6,"isBlindAppend":true}}
{"add":{"path":"7","partitionValues":{},"size":1,"modificationTime":1,"dataChange":true}}
