{"commitInfo":{"timestamp":1603398579343,"operation":"Manual Update","operationParameters":{},"readVersion":1,"isBlindAppend":true}}
{"add":{"path":"foo","partitionValues":{},"size":1,"modificationTime":1603398579337,"dataChange":true}}
