{"protocol":{"minReaderVersion":1,"minWriterVersion":2}}
{"metaData":{"id":"d1a3cbb3-84c3-4dbe-9281-6ddcde80ea91","format":{"provider":"parquet","options":{}},"partitionColumns":[],"configuration":{},"createdTime":1603398574351}}
{"add":{"path":"/some/unqualified/absolute/path","partitionValues":{},"size":100,"modificationTime":10,"dataChange":true}}
