{"commitInfo":{"timestamp":1603302220361,"operation":"WRITE","operationParameters":{"mode":"Append","partitionBy":"[]"},"readVersion":1,"isBlindAppend":true}}
{"add":{"path":"part-00000-81ba6353-94c7-4bad-9df2-b1f8be82287d-c000.snappy.parquet","partitionValues":{},"size":451,"modificationTime":1603302220000,"dataChange":true}}
{"add":{"path":"part-00001-e79f8456-e416-420c-8d50-747ed9e5d965-c000.snappy.parquet","partitionValues":{},"size":451,"modificationTime":1603302220000,"dataChange":true}}
