{"commitInfo":{"timestamp":1603290640512,"operation":"WRITE","operationParameters":{"mode":"Append","partitionBy":"[]"},"isBlindAppend":true}}
{"protocol":{"minReaderVersion":1,"minWriterVersion":2}}
{"metaData":{"id":"40db3f09-9b5b-45e2-9d48-f316c7e52694","format":{"provider":"parquet","options":{}},"schemaString":"{\"type\":\"struct\",\"fields\":[{\"name\":\"col1\",\"type\":\"integer\",\"nullable\":true,\"metadata\":{}},{\"name\":\"col2\",\"type\":\"string\",\"nullable\":true,\"metadata\":{}}]}","partitionColumns":[],"configuration":{},"createdTime":1603290640390}}
{"add":{"path":"part-00000-b893bd0c-386f-48bb-a245-1ea74bf40a53-c000.snappy.parquet","partitionValues":{},"size":650,"modificationTime":1603290640000,"dataChange":true}}
{"add":{"path":"part-00001-8ef4d773-ad60-4ec1-9874-44d53e5876b0-c000.snappy.parquet","partitionValues":{},"size":650,"modificationTime":1603290640000,"dataChange":true}}
