{"commitInfo":{"timestamp":1603398582688,"operation":"WRITE","operationParameters":{"mode":"Append","partitionBy":"[]"},"readVersion":0,"isBlindAppend":true}}
{"add":{"path":"part-00000-bf89a62f-b505-4153-9d0f-3253332a68f7-c000.snappy.parquet","partitionValues":{},"size":451,"modificationTime":1603398582000,"dataChange":true}}
{"add":{"path":"part-00001-3f33c9ee-b77e-471b-aef1-c93efde7cc11-c000.snappy.parquet","partitionValues":{},"size":451,"modificationTime":1603398582000,"dataChange":true}}
