{"commitInfo":{"timestamp":1603398592663,"operation":"WRITE","operationParameters":{"mode":"ErrorIfExists","partitionBy":"[]"},"isBlindAppend":true}}
{"protocol":{"minReaderVersion":1,"minWriterVersion":2}}
{"metaData":{"id":"30a77a15-5c95-4a7d-a439-c376034fa222","format":{"provider":"parquet","options":{}},"schemaString":"{\"type\":\"struct\",\"fields\":[{\"name\":\"timestamp\",\"type\":\"timestamp\",\"nullable\":true,\"metadata\":{}},{\"name\":\"date\",\"type\":\"date\",\"nullable\":true,\"metadata\":{}}]}","partitionColumns":[],"configuration":{},"createdTime":1603398592605}}
{"add":{"path":"part-00000-67b2dbc5-461e-4357-a67f-e889bbaefbe5-c000.snappy.parquet","partitionValues":{},"size":358,"modificationTime":1603398592000,"dataChange":true}}
{"add":{"path":"part-00001-01c62c1a-cc7a-4094-b37f-111b55f6f4e0-c000.snappy.parquet","partitionValues":{},"size":717,"modificationTime":1603398592000,"dataChange":true}}
