{"commitInfo":{"timestamp":1603229335111,"operation":"WRITE","operationParameters":{"mode":"Append","partitionBy":"[]"},"readVersion":0,"isBlindAppend":true}}
{"add":{"path":"part-00000-908d5822-f1b6-42e9-aad0-983cc81876b2-c000.snappy.parquet","partitionValues":{},"size":649,"modificationTime":1603229335000,"dataChange":true}}
{"add":{"path":"part-00001-a0d4628f-18af-4480-ab99-ad38b70a2ec8-c000.snappy.parquet","partitionValues":{},"size":649,"modificationTime":1603229335000,"dataChange":true}}
