{"commitInfo":{"timestamp":1603398555075,"operation":"DELETE","operationParameters":{"predicate":"[\"`col2` LIKE 'data-2-%'\"]"},"readVersion":3,"isBlindAppend":false}}
{"remove":{"path":"part-00000-d4ab02d5-3aca-412d-b8ab-ccea11cfaa11-c000.snappy.parquet","deletionTimestamp":1603398555074,"dataChange":true}}
{"remove":{"path":"part-00001-1c8d9737-d99c-4713-ac3a-606d43270a12-c000.snappy.parquet","deletionTimestamp":1603398555074,"dataChange":true}}
{"add":{"path":"part-00000-50e6b09e-442c-4e26-bdb7-642018e0011f-c000.snappy.parquet","partitionValues":{},"size":348,"modificationTime":1603398555000,"dataChange":true}}
