{"commitInfo":{"timestamp":1603224207126,"operation":"WRITE","operationParameters":{"mode":"Append","partitionBy":"[]"},"readVersion":2,"isBlindAppend":true}}
{"add":{"path":"part-00000-f4b61450-53bd-4cf4-8121-07628341ae4c-c000.snappy.parquet","partitionValues":{},"size":687,"modificationTime":1603224207000,"dataChange":true}}
{"add":{"path":"part-00001-9b0140fb-4486-47a7-a6c5-76da65471393-c000.snappy.parquet","partitionValues":{},"size":705,"modificationTime":1603224207000,"dataChange":true}}
