{"commitInfo":{"timestamp":1603471546909,"operation":"WRITE","operationParameters":{"mode":"Append","partitionBy":"[]"},"readVersion":0,"isBlindAppend":true}}
{"add":{"path":"part-00000-e513073f-fdea-4cc1-a88d-25045ed3864b-c000.snappy.parquet","partitionValues":{},"size":451,"modificationTime":1603471546000,"dataChange":true}}
{"add":{"path":"part-00001-fcd0af0a-0ba7-4e21-8071-0579663fb31a-c000.snappy.parquet","partitionValues":{},"size":451,"modificationTime":1603471546000,"dataChange":true}}
