{"commitInfo":{"timestamp":1603479583957,"operation":"WRITE","operationParameters":{"mode":"Append","partitionBy":"[]"},"isBlindAppend":true}}
{"protocol":{"minReaderVersion":1,"minWriterVersion":2}}
{"metaData":{"id":"8d75692d-b92d-4ed3-ad57-d8d49ee8b7ad","format":{"provider":"parquet","options":{}},"schemaString":"{\"type\":\"struct\",\"fields\":[{\"name\":\"id\",\"type\":\"long\",\"nullable\":true,\"metadata\":{}}]}","partitionColumns":[],"configuration":{},"createdTime":1603479583883}}
{"add":{"path":"part-00000-b63ea2ba-0dfc-4a4d-a71c-bc7165c2a5bf-c000.snappy.parquet","partitionValues":{},"size":449,"modificationTime":1603479583000,"dataChange":true}}
{"add":{"path":"part-00001-792c7aa8-e56e-43a9-8189-9a52fe824308-c000.snappy.parquet","partitionValues":{},"size":451,"modificationTime":1603479583000,"dataChange":true}}
