{"commitInfo":{"timestamp":1603398597258,"operation":"WRITE","operationParameters":{"mode":"ErrorIfExists","partitionBy":"[]"},"isBlindAppend":true}}
{"protocol":{"minReaderVersion":1,"minWriterVersion":2}}
{"metaData":{"id":"02ff9490-1133-46be-80c1-0a0eb0a00f3d","format":{"provider":"parquet","options":{}},"schemaString":"{\"type\":\"struct\",\"fields\":[{\"name\":\"a\",\"type\":{\"type\":\"struct\",\"fields\":[{\"name\":\"aa\",\"type\":\"string\",\"nullable\":true,\"metadata\":{}},{\"name\":\"ab\",\"type\":\"string\",\"nullable\":true,\"metadata\":{}},{\"name\":\"ac\",\"type\":{\"type\":\"struct\",\"fields\":[{\"name\":\"aca\",\"type\":\"integer\",\"nullable\":true,\"metadata\":{}},{\"name\":\"acb\",\"type\":\"long\",\"nullable\":true,\"metadata\":{}}]},\"nullable\":true,\"metadata\":{}}]},\"nullable\":true,\"metadata\":{}},{\"name\":\"b\",\"type\":\"integer\",\"nullable\":true,\"metadata\":{}}]}","partitionColumns":[],"configuration":{},"createdTime":1603398597184}}
{"add":{"path":"part-00000-3778853f-2b51-4947-8e04-9e8e4b9119cc-c000.snappy.parquet","partitionValues":{},"size":1432,"modificationTime":1603398597000,"dataChange":true}}
{"add":{"path":"part-00001-b75b460e-e011-4a5a-b106-99648c647224-c000.snappy.parquet","partitionValues":{},"size":1439,"modificationTime":1603398597000,"dataChange":true}}
