{"commitInfo":{"timestamp":1603483129436,"operation":"Manual Update","operationParameters":{},"readVersion":1,"isBlindAppend":true}}
{"add":{"path":"2","partitionValues":{},"size":1,"modificationTime":1,"dataChange":true}}
