{"commitInfo":{"timestamp":1603398546122,"operation":"Manual Update","operationParameters":{},"readVersion":11,"isBlindAppend":false}}
{"remove":{"path":"12","deletionTimestamp":1603398546122,"dataChange":true}}
{"add":{"path":"13","partitionValues":{},"size":1,"modificationTime":1,"dataChange":true}}
