{"commitInfo":{"timestamp":1603398540439,"operation":"Manual Update","operationParameters":{},"readVersion":6,"isBlindAppend":false}}
{"remove":{"path":"7","deletionTimestamp":1603398540439,"dataChange":true}}
{"add":{"path":"8","partitionValues":{},"size":1,"modificationTime":1,"dataChange":true}}
