{"commitInfo":{"timestamp":1603398545367,"operation":"Manual Update","operationParameters":{},"readVersion":10,"isBlindAppend":false}}
{"remove":{"path":"11","deletionTimestamp":1603398545367,"dataChange":true}}
{"add":{"path":"12","partitionValues":{},"size":1,"modificationTime":1,"dataChange":true}}
