{"commitInfo":{"timestamp":1603398541387,"operation":"Manual Update","operationParameters":{},"readVersion":7,"isBlindAppend":false}}
{"remove":{"path":"8","deletionTimestamp":1603398541387,"dataChange":true}}
{"add":{"path":"9","partitionValues":{},"size":1,"modificationTime":1,"dataChange":true}}
