{"commitInfo":{"timestamp":1603398542363,"operation":"Manual Update","operationParameters":{},"readVersion":8,"isBlindAppend":false}}
{"remove":{"path":"9","deletionTimestamp":1603398542363,"dataChange":true}}
{"add":{"path":"10","partitionValues":{},"size":1,"modificationTime":1,"dataChange":true}}
