{"commitInfo":{"timestamp":1603229320540,"operation":"Manual Update","operationParameters":{},"readVersion":5,"isBlindAppend":false}}
{"remove":{"path":"6","deletionTimestamp":1603229320540,"dataChange":true}}
{"add":{"path":"7","partitionValues":{},"size":1,"modificationTime":1,"dataChange":true}}
