{"commitInfo":{"timestamp":1603398537029,"operation":"Manual Update","operationParameters":{},"readVersion":2,"isBlindAppend":false}}
{"remove":{"path":"3","deletionTimestamp":1603398537029,"dataChange":true}}
{"add":{"path":"4","partitionValues":{},"size":1,"modificationTime":1,"dataChange":true}}
