{"commitInfo":{"timestamp":1603398537808,"operation":"Manual Update","operationParameters":{},"readVersion":3,"isBlindAppend":false}}
{"remove":{"path":"4","deletionTimestamp":1603398537808,"dataChange":true}}
{"add":{"path":"5","partitionValues":{},"size":1,"modificationTime":1,"dataChange":true}}
