{"commitInfo":{"timestamp":1603302216116,"operation":"WRITE","operationParameters":{"mode":"Append","partitionBy":"[]"},"isBlindAppend":true}}
{"protocol":{"minReaderVersion":1,"minWriterVersion":2}}
{"metaData":{"id":"42f65052-3d03-4cc5-87a5-ef362d9ffae7","format":{"provider":"parquet","options":{}},"schemaString":"{\"type\":\"struct\",\"fields\":[{\"name\":\"id\",\"type\":\"long\",\"nullable\":true,\"metadata\":{}}]}","partitionColumns":[],"configuration":{},"createdTime":1603302216037}}
{"add":{"path":"part-00000-196f126d-c586-4dab-a8ff-b5524efe2858-c000.snappy.parquet","partitionValues":{},"size":449,"modificationTime":1603302216000,"dataChange":true}}
{"add":{"path":"part-00001-f1dd86b6-6f2f-4982-a183-9b79540dfc81-c000.snappy.parquet","partitionValues":{},"size":451,"modificationTime":1603302216000,"dataChange":true}}
